// Jest Snapshot v1, https://goo.gl/fbAQLP

exports[`EditRepositoryForm.vue renders correctly 1`] = `
<form>
  <!---->
  <formgenerator-stub schema="[object Object]" errors="[object Object]" initialdata="[object Object]"></formgenerator-stub>
  <div class="text-center">
    <bhbutton-stub primary="true" type="submit">Save</bhbutton-stub>
  </div>
</form>
`;
