// Jest Snapshot v1, https://goo.gl/fbAQLP

exports[`RequestAuthorizationForm.vue renders correctly 1`] = `
<form>
  <!---->
  <formgenerator-stub schema="[object Object]" errors="[object Object]" initialdata="[object Object]"></formgenerator-stub>
  <div>
    <bhbutton-stub primary="true" type="submit" fullwidth="true"> Request </bhbutton-stub>
  </div>
</form>
`;
